// Jest Snapshot v1, https://goo.gl/fbAQLP

exports[`ApplicationInstanceRow renders correctly 1`] = `
<tr
  className="MuiTableRow-root"
  role={null}
>
  <td
    aria-sort={null}
    className="MuiTableCell-root MuiTableCell-alignCenter"
  />
  <td
    aria-sort={null}
    className="MuiTableCell-root MuiTableCell-alignCenter"
  />
  <td
    aria-sort={null}
    className="MuiTableCell-root MuiTableCell-alignCenter"
  />
  <td
    aria-sort={null}
    className="MuiTableCell-root MuiTableCell-alignCenter"
  >
    RUNNING
  </td>
  <td
    aria-sort={null}
    className="MuiTableCell-root MuiTableCell-alignCenter"
  >
    <div
      className="MuiGrid-root makeStyles-rowActions-1 MuiGrid-container MuiGrid-spacing-xs-1 MuiGrid-align-items-xs-center MuiGrid-justify-xs-center"
    >
      <div
        className="MuiGrid-root MuiGrid-item"
      >
        <button
          aria-describedby={null}
          aria-label="start"
          className="MuiButtonBase-root MuiIconButton-root MuiIconButton-colorPrimary makeStyles-startButtonColor-2 Mui-disabled MuiIconButton-sizeSmall Mui-disabled"
          disabled={true}
          onBlur={[Function]}
          onClick={[Function]}
          onDragLeave={[Function]}
          onFocus={[Function]}
          onKeyDown={[Function]}
          onKeyUp={[Function]}
          onMouseDown={[Function]}
          onMouseLeave={[Function]}
          onMouseOver={[Function]}
          onMouseUp={[Function]}
          onTouchEnd={[Function]}
          onTouchMove={[Function]}
          onTouchStart={[Function]}
          tabIndex={-1}
          title="start instance"
          type="button"
        >
          <span
            className="MuiIconButton-label"
          >
            <svg
              aria-hidden={true}
              className="MuiSvgIcon-root MuiSvgIcon-fontSizeLarge"
              focusable="false"
              viewBox="0 0 24 24"
            >
              <path
                d="M8 5v14l11-7z"
              />
            </svg>
          </span>
        </button>
      </div>
      <div
        className="MuiGrid-root MuiGrid-item"
      >
        <button
          aria-describedby={null}
          aria-label="stop"
          className="MuiButtonBase-root MuiIconButton-root MuiIconButton-colorPrimary makeStyles-stopButtonColor-3 MuiIconButton-sizeSmall"
          disabled={false}
          onBlur={[Function]}
          onClick={[Function]}
          onDragLeave={[Function]}
          onFocus={[Function]}
          onKeyDown={[Function]}
          onKeyUp={[Function]}
          onMouseDown={[Function]}
          onMouseLeave={[Function]}
          onMouseOver={[Function]}
          onMouseUp={[Function]}
          onTouchEnd={[Function]}
          onTouchMove={[Function]}
          onTouchStart={[Function]}
          tabIndex={0}
          title="stop instance"
          type="button"
        >
          <span
            className="MuiIconButton-label"
          >
            <svg
              aria-hidden={true}
              className="MuiSvgIcon-root MuiSvgIcon-fontSizeLarge"
              focusable="false"
              viewBox="0 0 24 24"
            >
              <path
                d="M6 6h12v12H6z"
              />
            </svg>
          </span>
          <span
            className="MuiTouchRipple-root"
          />
        </button>
      </div>
      <div
        className="MuiGrid-root MuiGrid-item"
      >
        <button
          aria-describedby={null}
          aria-label="restart"
          className="MuiButtonBase-root MuiIconButton-root MuiIconButton-colorPrimary MuiIconButton-sizeSmall"
          disabled={false}
          onBlur={[Function]}
          onClick={[Function]}
          onDragLeave={[Function]}
          onFocus={[Function]}
          onKeyDown={[Function]}
          onKeyUp={[Function]}
          onMouseDown={[Function]}
          onMouseLeave={[Function]}
          onMouseOver={[Function]}
          onMouseUp={[Function]}
          onTouchEnd={[Function]}
          onTouchMove={[Function]}
          onTouchStart={[Function]}
          tabIndex={0}
          title="restart instance"
          type="button"
        >
          <span
            className="MuiIconButton-label"
          >
            <svg
              aria-hidden={true}
              className="MuiSvgIcon-root MuiSvgIcon-fontSizeLarge"
              focusable="false"
              viewBox="0 0 24 24"
            >
              <path
                d="M12 5V1L7 6l5 5V7c3.31 0 6 2.69 6 6s-2.69 6-6 6-6-2.69-6-6H4c0 4.42 3.58 8 8 8s8-3.58 8-8-3.58-8-8-8z"
              />
            </svg>
          </span>
          <span
            className="MuiTouchRipple-root"
          />
        </button>
      </div>
    </div>
  </td>
  <td
    aria-sort={null}
    className="MuiTableCell-root MuiTableCell-alignCenter"
  />
</tr>
`;
