// Jest Snapshot v1, https://goo.gl/fbAQLP

exports[`InstancesTable renders correctly 1`] = `
<div
  className="MuiPaper-root MuiPaper-elevation1 MuiPaper-rounded"
>
  <div
    className="MuiTableContainer-root"
  >
    <table
      aria-label="simple table"
      className="MuiTable-root makeStyles-table-1"
      role={null}
    >
      <thead
        className="MuiTableHead-root"
        role={null}
      >
        <tr
          className="MuiTableRow-root makeStyles-row-3 MuiTableRow-head"
          role={null}
        >
          <th
            aria-sort={null}
            className="MuiTableCell-root MuiTableCell-head MuiTableCell-alignCenter"
            scope="col"
          >
            Name
          </th>
          <th
            aria-sort={null}
            className="MuiTableCell-root MuiTableCell-head MuiTableCell-alignCenter"
            scope="col"
          >
            Version
          </th>
          <th
            aria-sort={null}
            className="MuiTableCell-root MuiTableCell-head MuiTableCell-alignCenter"
            scope="col"
          >
            Deploy Initiator
          </th>
          <th
            aria-sort={null}
            className="MuiTableCell-root MuiTableCell-head MuiTableCell-alignCenter"
            scope="col"
          >
            Status
          </th>
          <th
            aria-sort={null}
            className="MuiTableCell-root MuiTableCell-head MuiTableCell-alignCenter"
            scope="col"
          >
            Actions
          </th>
          <th
            aria-sort={null}
            className="MuiTableCell-root MuiTableCell-head MuiTableCell-alignCenter"
            scope="col"
          >
            Alias
          </th>
        </tr>
      </thead>
      <tbody
        className="MuiTableBody-root"
        role={null}
      />
    </table>
  </div>
</div>
`;
