// Jest Snapshot v1, https://goo.gl/fbAQLP

exports[`renders correctly 1`] = `
<div>
  <h3>
    ApplicationPageTabPorts
  </h3>
  ["88:80"]
</div>
`;
